[debug] [2026-03-19T20:35:42.637Z] ----------------------------------------------------------------------
[debug] [2026-03-19T20:35:42.642Z] Command:       C:\nvm4w\nodejs\node.exe C:\nvm4w\nodejs\node_modules\firebase-tools\lib\bin\firebase.js init firestore
[debug] [2026-03-19T20:35:42.643Z] CLI Version:   15.11.0
[debug] [2026-03-19T20:35:42.643Z] Platform:      win32
[debug] [2026-03-19T20:35:42.643Z] Node Version:  v24.14.0
[debug] [2026-03-19T20:35:42.643Z] Time:          Thu Mar 19 2026 15:35:42 GMT-0500 (Central Daylight Time)
[debug] [2026-03-19T20:35:42.644Z] ----------------------------------------------------------------------
[debug] 
[info] 
     ######## #### ########  ######## ########     ###     ######  ########
     ##        ##  ##     ## ##       ##     ##  ##   ##  ##       ##
     ######    ##  ########  ######   ########  #########  ######  ######
     ##        ##  ##    ##  ##       ##     ## ##     ##       ## ##
     ##       #### ##     ## ######## ########  ##     ##  ######  ########

You're about to initialize a Firebase project in this directory:

  C:\Users\trist\Documents\GitHub\portfolio

Before we get started, keep in mind:

  * You are initializing within an existing Firebase project directory

[info] 
=== Project Setup
[info] 
[info] First, let's associate this project directory with a Firebase project.
[info] You can create multiple project aliases by running firebase use --add, 
[info] 
[debug] [2026-03-19T20:35:58.545Z] ExitPromptError: User force closed the prompt with SIGINT
    at Interface.sigint (C:\Users\trist\AppData\Local\nvm\v24.14.0\node_modules\firebase-tools\node_modules\@inquirer\core\dist\commonjs\lib\create-prompt.js:101:37)
    at Interface.emit (node:events:508:28)
    at [_ttyWrite] [as _ttyWrite] (node:internal/readline/interface:1327:18)
    at ReadStream.onkeypress (node:internal/readline/interface:284:20)
    at ReadStream.emit (node:events:520:35)
    at emitKeys (node:internal/readline/utils:371:14)
    at emitKeys.next (<anonymous>)
    at ReadStream.onData (node:internal/readline/emitKeypressEvents:64:36)
    at ReadStream.emit (node:events:508:28)
    at addChunk (node:internal/streams/readable:563:12)
[error] 
[error] Error: An unexpected error has occurred.
